
peter@HuyVanPC MINGW64 ~/Desktop/week1/exercises/week1/unix_exercise/house (main)
$ mkdir chest

peter@HuyVanPC MINGW64 ~/Desktop/week1/exercises/week1/unix_exercise/house (main)
$ ls
basement/  chest/  floor0/  floor1/  floor2/  house

peter@HuyVanPC MINGW64 ~/Desktop/week1/exercises/week1/unix_exercise/house (main)
$ ls -a
./  ../  basement/  chest/  floor0/  floor1/  floor2/  house

peter@HuyVanPC MINGW64 ~/Desktop/week1/exercises/week1/unix_exercise/house (main)
$ cd basement

peter@HuyVanPC MINGW64 ~/Desktop/week1/exercises/week1/unix_exercise/house/basement (main)
$ ls
laundry-room/  storage/

peter@HuyVanPC MINGW64 ~/Desktop/week1/exercises/week1/unix_exercise/house/basement (main)
$ cd laudry-room
bash: cd: laudry-room: No such file or directory

peter@HuyVanPC MINGW64 ~/Desktop/week1/exercises/week1/unix_exercise/house/basement (main)
$ cd laundry-room

peter@HuyVanPC MINGW64 ~/Desktop/week1/exercises/week1/unix_exercise/house/basement/laundry-room (main)
$ ls
clothes  dryer  drying-rack  soap  trash1  trash2  treasure1  washer

peter@HuyVanPC MINGW64 ~/Desktop/week1/exercises/week1/unix_exercise/house/basement/laundry-room (main)
$ rm trash1 trash2

peter@HuyVanPC MINGW64 ~/Desktop/week1/exercises/week1/unix_exercise/house/basement/laundry-room (main)
$ ls
clothes  dryer  drying-rack  soap  treasure1  washer

peter@HuyVanPC MINGW64 ~/Desktop/week1/exercises/week1/unix_exercise/house/basement/laundry-room (main)
$ mv treasure1 ../../chest

peter@HuyVanPC MINGW64 ~/Desktop/week1/exercises/week1/unix_exercise/house/basement/laundry-room (main)
$ ls
clothes  dryer  drying-rack  soap  washer

peter@HuyVanPC MINGW64 ~/Desktop/week1/exercises/week1/unix_exercise/house/basement/laundry-room (main)
$ cd ../../house
bash: cd: ../../house: Not a directory

peter@HuyVanPC MINGW64 ~/Desktop/week1/exercises/week1/unix_exercise/house/basement/laundry-room (main)
$ cd ../../ house
bash: cd: too many arguments

peter@HuyVanPC MINGW64 ~/Desktop/week1/exercises/week1/unix_exercise/house/basement/laundry-room (main)
$ cd ../../ house
bash: cd: too many arguments

peter@HuyVanPC MINGW64 ~/Desktop/week1/exercises/week1/unix_exercise/house/basement/laundry-room (main)
$ cd ../../../ house
bash: cd: too many arguments

peter@HuyVanPC MINGW64 ~/Desktop/week1/exercises/week1/unix_exercise/house/basement/laundry-room (main)
$ cd ../../../

peter@HuyVanPC MINGW64 ~/Desktop/week1/exercises/week1/unix_exercise (main)
$ cd house

peter@HuyVanPC MINGW64 ~/Desktop/week1/exercises/week1/unix_exercise/house (main)
$ ls
basement/  chest/  floor0/  floor1/  floor2/  house

peter@HuyVanPC MINGW64 ~/Desktop/week1/exercises/week1/unix_exercise/house (main)
$ cd basement/storage

peter@HuyVanPC MINGW64 ~/Desktop/week1/exercises/week1/unix_exercise/house/basement/storage (main)
$ ls
bicycle  trash3  treasure2

peter@HuyVanPC MINGW64 ~/Desktop/week1/exercises/week1/unix_exercise/house/basement/storage (main)
$ rm trash3

peter@HuyVanPC MINGW64 ~/Desktop/week1/exercises/week1/unix_exercise/house/basement/storage (main)
$ mv treasure2 ../../chest

peter@HuyVanPC MINGW64 ~/Desktop/week1/exercises/week1/unix_exercise/house/basement/storage (main)
$ cd ../../

peter@HuyVanPC MINGW64 ~/Desktop/week1/exercises/week1/unix_exercise/house (main)
$ cd floor0

peter@HuyVanPC MINGW64 ~/Desktop/week1/exercises/week1/unix_exercise/house/floor0 (main)
$ ls
bathroom/  kitchen/  living-room/

peter@HuyVanPC MINGW64 ~/Desktop/week1/exercises/week1/unix_exercise/house/floor0 (main)
$ cd bathroom

peter@HuyVanPC MINGW64 ~/Desktop/week1/exercises/week1/unix_exercise/house/floor0/bathroom (main)
$ ls
cabinet/  mat  mirror

peter@HuyVanPC MINGW64 ~/Desktop/week1/exercises/week1/unix_exercise/house/floor0/bathroom (main)
$ cd cabinet

peter@HuyVanPC MINGW64 ~/Desktop/week1/exercises/week1/unix_exercise/house/floor0/bathroom/cabinet (main)
$ ls
3  brush  comb  shampoo  soap  toothbrush  toothpaste

peter@HuyVanPC MINGW64 ~/Desktop/week1/exercises/week1/unix_exercise/house/floor0/bathroom/cabinet (main)
$ cd ../../../

peter@HuyVanPC MINGW64 ~/Desktop/week1/exercises/week1/unix_exercise/house (main)
$ cd floor0/kitchen

peter@HuyVanPC MINGW64 ~/Desktop/week1/exercises/week1/unix_exercise/house/floor0/kitchen (main)
$ ls
fridge/  oven/  pantry/

peter@HuyVanPC MINGW64 ~/Desktop/week1/exercises/week1/unix_exercise/house/floor0/kitchen (main)
$ cd fride
bash: cd: fride: No such file or directory

peter@HuyVanPC MINGW64 ~/Desktop/week1/exercises/week1/unix_exercise/house/floor0/kitchen (main)
$ cd fridge

peter@HuyVanPC MINGW64 ~/Desktop/week1/exercises/week1/unix_exercise/house/floor0/kitchen/fridge (main)
$ ls
bread  carrots  chicken  eggs  juice  milk  soda  trash4  trash5  trasure4

peter@HuyVanPC MINGW64 ~/Desktop/week1/exercises/week1/unix_exercise/house/floor0/kitchen/fridge (main)
$ rm trash4 trash5

peter@HuyVanPC MINGW64 ~/Desktop/week1/exercises/week1/unix_exercise/house/floor0/kitchen/fridge (main)
$ ls
bread  carrots  chicken  eggs  juice  milk  soda  trasure4

peter@HuyVanPC MINGW64 ~/Desktop/week1/exercises/week1/unix_exercise/house/floor0/kitchen/fridge (main)
$ mv trasure4 ../../../chest

peter@HuyVanPC MINGW64 ~/Desktop/week1/exercises/week1/unix_exercise/house/floor0/kitchen/fridge (main)
$ ls
bread  carrots  chicken  eggs  juice  milk  soda

peter@HuyVanPC MINGW64 ~/Desktop/week1/exercises/week1/unix_exercise/house/floor0/kitchen/fridge (main)
$ cd ..

peter@HuyVanPC MINGW64 ~/Desktop/week1/exercises/week1/unix_exercise/house/floor0/kitchen (main)
$ cd oven

peter@HuyVanPC MINGW64 ~/Desktop/week1/exercises/week1/unix_exercise/house/floor0/kitchen/oven (main)
$ ls
chicken-roast

peter@HuyVanPC MINGW64 ~/Desktop/week1/exercises/week1/unix_exercise/house/floor0/kitchen/oven (main)
$ cd ..

peter@HuyVanPC MINGW64 ~/Desktop/week1/exercises/week1/unix_exercise/house/floor0/kitchen (main)
$ cd pantry

peter@HuyVanPC MINGW64 ~/Desktop/week1/exercises/week1/unix_exercise/house/floor0/kitchen/pantry (main)
$ ls
cereal  chips  cookies  crackers  trash6

peter@HuyVanPC MINGW64 ~/Desktop/week1/exercises/week1/unix_exercise/house/floor0/kitchen/pantry (main)
$ rm trash6

peter@HuyVanPC MINGW64 ~/Desktop/week1/exercises/week1/unix_exercise/house/floor0/kitchen/pantry (main)
$ cd ../../../

peter@HuyVanPC MINGW64 ~/Desktop/week1/exercises/week1/unix_exercise/house (main)
$ cd floor0/living-room

peter@HuyVanPC MINGW64 ~/Desktop/week1/exercises/week1/unix_exercise/house/floor0/living-room (main)
$ ls
TV  bookshelf/  chair  couch  table

peter@HuyVanPC MINGW64 ~/Desktop/week1/exercises/week1/unix_exercise/house/floor0/living-room (main)
$ cd bookshelf

peter@HuyVanPC MINGW64 ~/Desktop/week1/exercises/week1/unix_exercise/house/floor0/living-room/bookshelf (main)
$ ls
animal-farm  harry-potter  it  lord-of-the-rings  trash7  trasure5

peter@HuyVanPC MINGW64 ~/Desktop/week1/exercises/week1/unix_exercise/house/floor0/living-room/bookshelf (main)
$ rm trash7

peter@HuyVanPC MINGW64 ~/Desktop/week1/exercises/week1/unix_exercise/house/floor0/living-room/bookshelf (main)
$ mv trasure5 ../../../chest

peter@HuyVanPC MINGW64 ~/Desktop/week1/exercises/week1/unix_exercise/house/floor0/living-room/bookshelf (main)
$ cd ../../..

peter@HuyVanPC MINGW64 ~/Desktop/week1/exercises/week1/unix_exercise/house (main)
$ cd floor1

peter@HuyVanPC MINGW64 ~/Desktop/week1/exercises/week1/unix_exercise/house/floor1 (main)
$ ls
balcony/  bathroom/  bedroom1/  bedroom2/

peter@HuyVanPC MINGW64 ~/Desktop/week1/exercises/week1/unix_exercise/house/floor1 (main)
$ cd balcony

peter@HuyVanPC MINGW64 ~/Desktop/week1/exercises/week1/unix_exercise/house/floor1/balcony (main)
$ ls
chair  plant  trash10  trash11

peter@HuyVanPC MINGW64 ~/Desktop/week1/exercises/week1/unix_exercise/house/floor1/balcony (main)
$ rm trash10 trash11

peter@HuyVanPC MINGW64 ~/Desktop/week1/exercises/week1/unix_exercise/house/floor1/balcony (main)
$ cd ..

peter@HuyVanPC MINGW64 ~/Desktop/week1/exercises/week1/unix_exercise/house/floor1 (main)
$ cd bathroom

peter@HuyVanPC MINGW64 ~/Desktop/week1/exercises/week1/unix_exercise/house/floor1/bathroom (main)
$ ls
sink  toilet  tub

peter@HuyVanPC MINGW64 ~/Desktop/week1/exercises/week1/unix_exercise/house/floor1/bathroom (main)
$ cd ..

peter@HuyVanPC MINGW64 ~/Desktop/week1/exercises/week1/unix_exercise/house/floor1 (main)
$ cd bedroom1

peter@HuyVanPC MINGW64 ~/Desktop/week1/exercises/week1/unix_exercise/house/floor1/bedroom1 (main)
$ ls
TV  bed  closet/  dresser/  toy-chest/

peter@HuyVanPC MINGW64 ~/Desktop/week1/exercises/week1/unix_exercise/house/floor1/bedroom1 (main)
$ cd closet

peter@HuyVanPC MINGW64 ~/Desktop/week1/exercises/week1/unix_exercise/house/floor1/bedroom1/closet (main)
$ ls
board-game  toy  trash8  trash9

peter@HuyVanPC MINGW64 ~/Desktop/week1/exercises/week1/unix_exercise/house/floor1/bedroom1/closet (main)
$ rm trash8 trash9

peter@HuyVanPC MINGW64 ~/Desktop/week1/exercises/week1/unix_exercise/house/floor1/bedroom1/closet (main)
$ cd ..

peter@HuyVanPC MINGW64 ~/Desktop/week1/exercises/week1/unix_exercise/house/floor1/bedroom1 (main)
$ cd dresser

peter@HuyVanPC MINGW64 ~/Desktop/week1/exercises/week1/unix_exercise/house/floor1/bedroom1/dresser (main)
$ ls
pants  shirt  socks

peter@HuyVanPC MINGW64 ~/Desktop/week1/exercises/week1/unix_exercise/house/floor1/bedroom1/dresser (main)
$ cd

peter@HuyVanPC MINGW64 ~
$ cd toy-chest
bash: cd: toy-chest: No such file or directory

peter@HuyVanPC MINGW64 ~
$ cd /Desktop/week1/exercises/week1/unix_exercise/house/floor1/bedroom1
bash: cd: /Desktop/week1/exercises/week1/unix_exercise/house/floor1/bedroom1: No such file or directory

peter@HuyVanPC MINGW64 ~
$ cd Desktop/week1/exercises/week1/unix_exercise/house/floor1/bedroom1

peter@HuyVanPC MINGW64 ~/Desktop/week1/exercises/week1/unix_exercise/house/floor1/bedroom1 (main)
$ cd toy-chest

peter@HuyVanPC MINGW64 ~/Desktop/week1/exercises/week1/unix_exercise/house/floor1/bedroom1/toy-chest (main)
$ ls
car  cow  dinosaur  space-ship  trasure6  truck

peter@HuyVanPC MINGW64 ~/Desktop/week1/exercises/week1/unix_exercise/house/floor1/bedroom1/toy-chest (main)
$ mv trasure6 ../../../chest

peter@HuyVanPC MINGW64 ~/Desktop/week1/exercises/week1/unix_exercise/house/floor1/bedroom1/toy-chest (main)
$ cd ../../

peter@HuyVanPC MINGW64 ~/Desktop/week1/exercises/week1/unix_exercise/house/floor1 (main)
$ cd bedroom2

peter@HuyVanPC MINGW64 ~/Desktop/week1/exercises/week1/unix_exercise/house/floor1/bedroom2 (main)
$ ls
bed  closet/  desk  mirror

peter@HuyVanPC MINGW64 ~/Desktop/week1/exercises/week1/unix_exercise/house/floor1/bedroom2 (main)
$ cd closet

peter@HuyVanPC MINGW64 ~/Desktop/week1/exercises/week1/unix_exercise/house/floor1/bedroom2/closet (main)
$ ls
suit  tie  treasure7

peter@HuyVanPC MINGW64 ~/Desktop/week1/exercises/week1/unix_exercise/house/floor1/bedroom2/closet (main)
$ mv treasure7 ../../../chest

peter@HuyVanPC MINGW64 ~/Desktop/week1/exercises/week1/unix_exercise/house/floor1/bedroom2/closet (main)
$ cd ../../../..

peter@HuyVanPC MINGW64 ~/Desktop/week1/exercises/week1/unix_exercise (main)
$ cd house

peter@HuyVanPC MINGW64 ~/Desktop/week1/exercises/week1/unix_exercise/house (main)
$ cd floor2

peter@HuyVanPC MINGW64 ~/Desktop/week1/exercises/week1/unix_exercise/house/floor2 (main)
$ ls
storage/

peter@HuyVanPC MINGW64 ~/Desktop/week1/exercises/week1/unix_exercise/house/floor2 (main)
$ cd storage

peter@HuyVanPC MINGW64 ~/Desktop/week1/exercises/week1/unix_exercise/house/floor2/storage (main)
$ ls
box1/  box2/  box3/

peter@HuyVanPC MINGW64 ~/Desktop/week1/exercises/week1/unix_exercise/house/floor2/storage (main)
$ cd box1

peter@HuyVanPC MINGW64 ~/Desktop/week1/exercises/week1/unix_exercise/house/floor2/storage/box1 (main)
$ ls
trash12  trash13  trash14

peter@HuyVanPC MINGW64 ~/Desktop/week1/exercises/week1/unix_exercise/house/floor2/storage/box1 (main)
$ rm trash12 trash13 trash14

peter@HuyVanPC MINGW64 ~/Desktop/week1/exercises/week1/unix_exercise/house/floor2/storage/box1 (main)
$ cd ../box2

peter@HuyVanPC MINGW64 ~/Desktop/week1/exercises/week1/unix_exercise/house/floor2/storage/box2 (main)
$ ls
halloween-decoration  holiday-decoration  ice-skates  sweaters  treasure8

peter@HuyVanPC MINGW64 ~/Desktop/week1/exercises/week1/unix_exercise/house/floor2/storage/box2 (main)
$ mv treasure8../../../chest
mv: missing destination file operand after 'treasure8../../../chest'
Try 'mv --help' for more information.

peter@HuyVanPC MINGW64 ~/Desktop/week1/exercises/week1/unix_exercise/house/floor2/storage/box2 (main)
$ mv treasure8 ../../../chest

peter@HuyVanPC MINGW64 ~/Desktop/week1/exercises/week1/unix_exercise/house/floor2/storage/box2 (main)
$ cd ../box3

peter@HuyVanPC MINGW64 ~/Desktop/week1/exercises/week1/unix_exercise/house/floor2/storage/box3 (main)
$ ls
posters  trash15  treasure9

peter@HuyVanPC MINGW64 ~/Desktop/week1/exercises/week1/unix_exercise/house/floor2/storage/box3 (main)
$ rm trash15

peter@HuyVanPC MINGW64 ~/Desktop/week1/exercises/week1/unix_exercise/house/floor2/storage/box3 (main)
$ mv treasure9 ../../../chest

peter@HuyVanPC MINGW64 ~/Desktop/week1/exercises/week1/unix_exercise/house/floor2/storage/box3 (main)
$ cd ../../..

peter@HuyVanPC MINGW64 ~/Desktop/week1/exercises/week1/unix_exercise/house (main)
$ cd floor0/bathroom/cabinet

peter@HuyVanPC MINGW64 ~/Desktop/week1/exercises/week1/unix_exercise/house/floor0/bathroom/cabinet (main)
$ ls
3  brush  comb  shampoo  soap  toothbrush  toothpaste  trasure

peter@HuyVanPC MINGW64 ~/Desktop/week1/exercises/week1/unix_exercise/house/floor0/bathroom/cabinet (main)
$ mv trasure ../../../chest

peter@HuyVanPC MINGW64 ~/Desktop/week1/exercises/week1/unix_exercise/house/floor0/bathroom/cabinet (main)
$ cd ../../..

peter@HuyVanPC MINGW64 ~/Desktop/week1/exercises/week1/unix_exercise/house (main)
$ find -name trash*

peter@HuyVanPC MINGW64 ~/Desktop/week1/exercises/week1/unix_exercise/house (main)
$
